[12756:15208:0914/104132.696:INFO:components\enterprise\browser\controller\chrome_browser_cloud_management_controller.cc:206] No machine level policy manager exists.
[1028:14260:0914/104132.934:ERROR:ui\gl\direct_composition_support.cc:616] AMD VideoProcessorGetOutputExtension failed: Unspecified error (0x80004005)
[1028:14260:0914/104132.938:VERBOSE1:components\viz\service\main\viz_main_impl.cc:86] VizNullHypothesis is disabled (not a warning)
[12272:5284:0914/104132.942:INFO:third_party\webrtc\rtc_base\cpu_info.cc:75] Available number of cores: 12
[16116:15184:0914/104132.947:INFO:third_party\webrtc\rtc_base\cpu_info.cc:75] Available number of cores: 12
[12756:15208:0914/104133.620:INFO:CONSOLE:0] "Unrecognized Content-Security-Policy directive 'self'.", source:  (0)
[12756:15208:0914/104133.657:INFO:CONSOLE:0] "Error with Permissions-Policy header: Unrecognized feature: 'ambient-light-sensor'.", source:  (0)
[12756:15208:0914/104133.658:INFO:CONSOLE:0] "Error with Permissions-Policy header: Unrecognized feature: 'battery'.", source:  (0)
[12756:15208:0914/104133.658:INFO:CONSOLE:0] "Error with Permissions-Policy header: Unrecognized feature: 'document-domain'.", source:  (0)
[12756:15208:0914/104133.659:INFO:CONSOLE:0] "Error with Permissions-Policy header: Unrecognized feature: 'execution-while-not-rendered'.", source:  (0)
[12756:15208:0914/104133.659:INFO:CONSOLE:0] "Error with Permissions-Policy header: Unrecognized feature: 'execution-while-out-of-viewport'.", source:  (0)
[12756:15208:0914/104133.659:INFO:CONSOLE:0] "Error with Permissions-Policy header: Unrecognized feature: 'navigation-override'.", source:  (0)
[12756:15208:0914/104133.659:INFO:CONSOLE:0] "Unrecognized Content-Security-Policy directive 'self'.", source: https://web.eitaa.com/ (0)
[12756:15208:0914/104133.771:INFO:CONSOLE:1] "CW constructor", source: https://web.eitaa.com/main.b92779efcdc6d66cdcad.bundle.js (1)
[16760:7064:0914/104133.785:INFO:third_party\webrtc\rtc_base\cpu_info.cc:75] Available number of cores: 12
[12756:15208:0914/104133.867:INFO:CONSOLE:0] "Unrecognized Content-Security-Policy directive 'self'.", source: https://web.eitaa.com/ (0)
[12756:15208:0914/104133.875:INFO:CONSOLE:0] "Unrecognized Content-Security-Policy directive 'self'.", source: https://web.eitaa.com/ (0)
[12756:15208:0914/104133.890:INFO:CONSOLE:1] "load state: 47.14892578125 ms", source: https://web.eitaa.com/24.a4f5da0affa960577e80.chunk.js (1)
[12756:15208:0914/104133.890:INFO:CONSOLE:1] "got state, time: 38.09999999962747", source: https://web.eitaa.com/main.b92779efcdc6d66cdcad.bundle.js (1)
[12756:15208:0914/104133.890:INFO:CONSOLE:1] "Will mount IM page: 1757833893.891", source: https://web.eitaa.com/main.b92779efcdc6d66cdcad.bundle.js (1)
[12756:15208:0914/104133.916:INFO:CONSOLE:3] "CW constructor", source: https://web.eitaa.com/mtproto.worker.00d50991fa24014f3a2b.bundle.worker.js (3)
[12756:15208:0914/104134.035:INFO:CONSOLE:1] "Uncaught (in promise) TypeError: e is not iterable", source: https://web.eitaa.com/12.c1c5f93d3cd451921e6d.chunk.js (1)
[12756:15208:0914/104134.177:INFO:CONSOLE:0] "The provided application server key is not a VAPID key. Only VAPID keys will be supported in the future. For more information check https://crbug.com/979235.", source: https://web.eitaa.com/ (0)
[12756:15208:0914/104134.203:INFO:CONSOLE:0] "Unrecognized Content-Security-Policy directive 'self'.", source: https://web.eitaa.com/ (0)
[12756:15208:0914/104134.203:INFO:CONSOLE:0] "Unrecognized Content-Security-Policy directive 'self'.", source: https://web.eitaa.com/ (0)
[12756:15208:0914/104134.204:INFO:CONSOLE:0] "Unrecognized Content-Security-Policy directive 'self'.", source: https://web.eitaa.com/ (0)
[12756:15208:0914/104134.204:INFO:CONSOLE:0] "Unrecognized Content-Security-Policy directive 'self'.", source: https://web.eitaa.com/ (0)
[12756:15208:0914/104134.207:INFO:CONSOLE:0] "Unrecognized Content-Security-Policy directive 'self'.", source: https://web.eitaa.com/ (0)
[12756:15208:0914/104134.210:INFO:CONSOLE:0] "Unrecognized Content-Security-Policy directive 'self'.", source: https://web.eitaa.com/ (0)
[12756:15208:0914/104134.212:INFO:CONSOLE:0] "Unrecognized Content-Security-Policy directive 'self'.", source: https://web.eitaa.com/ (0)
[12756:15208:0914/104134.212:INFO:CONSOLE:0] "Unrecognized Content-Security-Policy directive 'self'.", source: https://web.eitaa.com/ (0)
[12756:15208:0914/104134.215:INFO:CONSOLE:3] "[0.306] [API]: Error 404 messages.getAllDrafts 2 2 messages.getAllDrafts [object Object]", source: https://web.eitaa.com/mtproto.worker.00d50991fa24014f3a2b.bundle.worker.js (3)
[12756:15208:0914/104134.215:INFO:CONSOLE:3] "[0.307] [API]: Error 404 messages.getStickerSet 2 2 messages.getStickerSet [object Object]", source: https://web.eitaa.com/mtproto.worker.00d50991fa24014f3a2b.bundle.worker.js (3)
[12756:15208:0914/104134.216:INFO:CONSOLE:0] "Uncaught (in promise) #<Object>", source: https://web.eitaa.com/ (0)
[12756:13556:0914/104137.641:ERROR:google_apis\gcm\engine\registration_request.cc:291] Registration response error message: DEPRECATED_ENDPOINT
[12756:13556:0914/104137.646:ERROR:google_apis\gcm\engine\registration_request.cc:305] Registration HTTP response code not OK: 404
[12756:15208:0914/104138.948:INFO:CONSOLE:3] "[5.039] [API]: Error 404 messages.getStickers 2 2 messages.getStickers [object Object]", source: https://web.eitaa.com/mtproto.worker.00d50991fa24014f3a2b.bundle.worker.js (3)
[12756:15208:0914/104138.948:INFO:CONSOLE:0] "Uncaught (in promise) #<Object>", source: https://web.eitaa.com/ (0)
[12756:15208:0914/104156.257:INFO:CONSOLE:3] "[22.306] [API]: Error 404 messages.getScheduledHistory 2 2 messages.getScheduledHistory [object Object]", source: https://web.eitaa.com/mtproto.worker.00d50991fa24014f3a2b.bundle.worker.js (3)
[12756:15208:0914/104156.278:INFO:CONSOLE:0] "Uncaught (in promise) #<Object>", source: https://web.eitaa.com/#26136928 (0)
[12756:13556:0914/104203.244:ERROR:google_apis\gcm\engine\registration_request.cc:291] Registration response error message: DEPRECATED_ENDPOINT
[12756:13556:0914/104203.501:ERROR:google_apis\gcm\engine\registration_request.cc:305] Registration HTTP response code not OK: 404
[12756:15208:0914/104204.963:INFO:CONSOLE:3] "[31.055] [API]: Error 404 INVALID_CONSTRUCTOR 2 2 messages.getWebPage [object Object]", source: https://web.eitaa.com/mtproto.worker.00d50991fa24014f3a2b.bundle.worker.js (3)
[12756:15208:0914/104204.963:INFO:CONSOLE:0] "Uncaught (in promise) #<Object>", source: https://web.eitaa.com/#26136928 (0)
[12756:15208:0914/104204.966:INFO:CONSOLE:3] "[31.058] [API]: Error 404 INVALID_CONSTRUCTOR 2 2 messages.getWebPage [object Object]", source: https://web.eitaa.com/mtproto.worker.00d50991fa24014f3a2b.bundle.worker.js (3)
[12756:15208:0914/104204.968:INFO:CONSOLE:0] "Uncaught (in promise) #<Object>", source: https://web.eitaa.com/#26136928 (0)
[12756:15208:0914/104204.968:INFO:CONSOLE:3] "[31.059] [API]: Error 404 INVALID_CONSTRUCTOR 2 2 messages.getWebPage [object Object]", source: https://web.eitaa.com/mtproto.worker.00d50991fa24014f3a2b.bundle.worker.js (3)
[12756:15208:0914/104204.969:INFO:CONSOLE:3] "[31.059] [API]: Error 404 INVALID_CONSTRUCTOR 2 2 messages.getWebPage [object Object]", source: https://web.eitaa.com/mtproto.worker.00d50991fa24014f3a2b.bundle.worker.js (3)
[12756:15208:0914/104204.969:INFO:CONSOLE:3] "[31.059] [API]: Error 404 INVALID_CONSTRUCTOR 2 2 messages.getWebPage [object Object]", source: https://web.eitaa.com/mtproto.worker.00d50991fa24014f3a2b.bundle.worker.js (3)
[12756:15208:0914/104204.969:INFO:CONSOLE:3] "[31.059] [API]: Error 404 INVALID_CONSTRUCTOR 2 2 messages.getWebPage [object Object]", source: https://web.eitaa.com/mtproto.worker.00d50991fa24014f3a2b.bundle.worker.js (3)
[12756:15208:0914/104204.969:INFO:CONSOLE:3] "[31.060] [API]: Error 404 INVALID_CONSTRUCTOR 2 2 messages.getWebPage [object Object]", source: https://web.eitaa.com/mtproto.worker.00d50991fa24014f3a2b.bundle.worker.js (3)
[12756:15208:0914/104204.969:INFO:CONSOLE:3] "[31.060] [API]: Error 404 INVALID_CONSTRUCTOR 2 2 messages.getWebPage [object Object]", source: https://web.eitaa.com/mtproto.worker.00d50991fa24014f3a2b.bundle.worker.js (3)
[12756:15208:0914/104204.969:INFO:CONSOLE:3] "[31.060] [API]: Error 404 INVALID_CONSTRUCTOR 2 2 messages.getWebPage [object Object]", source: https://web.eitaa.com/mtproto.worker.00d50991fa24014f3a2b.bundle.worker.js (3)
[12756:15208:0914/104204.970:INFO:CONSOLE:0] "Uncaught (in promise) #<Object>", source: https://web.eitaa.com/#26136928 (0)
[12756:15208:0914/104204.970:INFO:CONSOLE:0] "Uncaught (in promise) #<Object>", source: https://web.eitaa.com/#26136928 (0)
[12756:15208:0914/104204.970:INFO:CONSOLE:0] "Uncaught (in promise) #<Object>", source: https://web.eitaa.com/#26136928 (0)
[12756:15208:0914/104204.970:INFO:CONSOLE:0] "Uncaught (in promise) #<Object>", source: https://web.eitaa.com/#26136928 (0)
[12756:15208:0914/104204.970:INFO:CONSOLE:0] "Uncaught (in promise) #<Object>", source: https://web.eitaa.com/#26136928 (0)
[12756:15208:0914/104204.970:INFO:CONSOLE:0] "Uncaught (in promise) #<Object>", source: https://web.eitaa.com/#26136928 (0)
[12756:15208:0914/104204.970:INFO:CONSOLE:0] "Uncaught (in promise) #<Object>", source: https://web.eitaa.com/#26136928 (0)
[12756:15208:0914/104204.979:INFO:CONSOLE:3] "[31.071] [API]: Error 404 INVALID_CONSTRUCTOR 2 2 messages.getWebPage [object Object]", source: https://web.eitaa.com/mtproto.worker.00d50991fa24014f3a2b.bundle.worker.js (3)
[12756:15208:0914/104204.979:INFO:CONSOLE:0] "Uncaught (in promise) #<Object>", source: https://web.eitaa.com/#26136928 (0)
[12756:15208:0914/104204.980:INFO:CONSOLE:3] "[31.072] [API]: Error 404 INVALID_CONSTRUCTOR 2 2 messages.getWebPage [object Object]", source: https://web.eitaa.com/mtproto.worker.00d50991fa24014f3a2b.bundle.worker.js (3)
[12756:15208:0914/104204.980:INFO:CONSOLE:3] "[31.072] [API]: Error 404 INVALID_CONSTRUCTOR 2 2 messages.getWebPage [object Object]", source: https://web.eitaa.com/mtproto.worker.00d50991fa24014f3a2b.bundle.worker.js (3)
[12756:15208:0914/104204.980:INFO:CONSOLE:3] "[31.072] [API]: Error 404 INVALID_CONSTRUCTOR 2 2 messages.getWebPage [object Object]", source: https://web.eitaa.com/mtproto.worker.00d50991fa24014f3a2b.bundle.worker.js (3)
[12756:15208:0914/104204.980:INFO:CONSOLE:0] "Uncaught (in promise) #<Object>", source: https://web.eitaa.com/#26136928 (0)
[12756:15208:0914/104204.980:INFO:CONSOLE:0] "Uncaught (in promise) #<Object>", source: https://web.eitaa.com/#26136928 (0)
[12756:15208:0914/104204.981:INFO:CONSOLE:0] "Uncaught (in promise) #<Object>", source: https://web.eitaa.com/#26136928 (0)
[12756:15208:0914/104204.981:INFO:CONSOLE:3] "[31.072] [API]: Error 404 INVALID_CONSTRUCTOR 2 2 messages.getWebPage [object Object]", source: https://web.eitaa.com/mtproto.worker.00d50991fa24014f3a2b.bundle.worker.js (3)
[12756:15208:0914/104204.981:INFO:CONSOLE:0] "Uncaught (in promise) #<Object>", source: https://web.eitaa.com/#26136928 (0)
[12756:15208:0914/104205.002:INFO:CONSOLE:3] "[31.093] [API]: Error 404 INVALID_CONSTRUCTOR 2 2 messages.getWebPage [object Object]", source: https://web.eitaa.com/mtproto.worker.00d50991fa24014f3a2b.bundle.worker.js (3)
[12756:15208:0914/104205.002:INFO:CONSOLE:0] "Uncaught (in promise) #<Object>", source: https://web.eitaa.com/#26136928 (0)
[12756:15208:0914/104205.008:INFO:CONSOLE:3] "[31.100] [API]: Error 404 INVALID_CONSTRUCTOR 2 2 messages.getWebPage [object Object]", source: https://web.eitaa.com/mtproto.worker.00d50991fa24014f3a2b.bundle.worker.js (3)
[12756:15208:0914/104205.008:INFO:CONSOLE:3] "[31.100] [API]: Error 404 INVALID_CONSTRUCTOR 2 2 messages.getWebPage [object Object]", source: https://web.eitaa.com/mtproto.worker.00d50991fa24014f3a2b.bundle.worker.js (3)
[12756:15208:0914/104205.008:INFO:CONSOLE:3] "[31.100] [API]: Error 404 INVALID_CONSTRUCTOR 2 2 messages.getWebPage [object Object]", source: https://web.eitaa.com/mtproto.worker.00d50991fa24014f3a2b.bundle.worker.js (3)
[12756:15208:0914/104205.008:INFO:CONSOLE:0] "Uncaught (in promise) #<Object>", source: https://web.eitaa.com/#26136928 (0)
[12756:15208:0914/104205.009:INFO:CONSOLE:3] "[31.100] [API]: Error 404 INVALID_CONSTRUCTOR 2 2 messages.getWebPage [object Object]", source: https://web.eitaa.com/mtproto.worker.00d50991fa24014f3a2b.bundle.worker.js (3)
[12756:15208:0914/104205.009:INFO:CONSOLE:0] "Uncaught (in promise) #<Object>", source: https://web.eitaa.com/#26136928 (0)
[12756:15208:0914/104205.009:INFO:CONSOLE:0] "Uncaught (in promise) #<Object>", source: https://web.eitaa.com/#26136928 (0)
[12756:15208:0914/104205.009:INFO:CONSOLE:3] "[31.101] [API]: Error 404 INVALID_CONSTRUCTOR 2 2 messages.getWebPage [object Object]", source: https://web.eitaa.com/mtproto.worker.00d50991fa24014f3a2b.bundle.worker.js (3)
[12756:15208:0914/104205.009:INFO:CONSOLE:0] "Uncaught (in promise) #<Object>", source: https://web.eitaa.com/#26136928 (0)
[12756:15208:0914/104205.009:INFO:CONSOLE:0] "Uncaught (in promise) #<Object>", source: https://web.eitaa.com/#26136928 (0)
[12756:15208:0914/104205.010:INFO:CONSOLE:3] "[31.102] [API]: Error 404 INVALID_CONSTRUCTOR 2 2 messages.getWebPage [object Object]", source: https://web.eitaa.com/mtproto.worker.00d50991fa24014f3a2b.bundle.worker.js (3)
[12756:15208:0914/104205.010:INFO:CONSOLE:0] "Uncaught (in promise) #<Object>", source: https://web.eitaa.com/#26136928 (0)
[12756:15208:0914/104205.010:INFO:CONSOLE:3] "[31.102] [API]: Error 404 INVALID_CONSTRUCTOR 2 2 messages.getWebPage [object Object]", source: https://web.eitaa.com/mtproto.worker.00d50991fa24014f3a2b.bundle.worker.js (3)
[12756:15208:0914/104205.010:INFO:CONSOLE:0] "Uncaught (in promise) #<Object>", source: https://web.eitaa.com/#26136928 (0)
[12756:15208:0914/104205.012:INFO:CONSOLE:3] "[31.103] [API]: Error 404 INVALID_CONSTRUCTOR 2 2 messages.getWebPage [object Object]", source: https://web.eitaa.com/mtproto.worker.00d50991fa24014f3a2b.bundle.worker.js (3)
[12756:15208:0914/104205.012:INFO:CONSOLE:3] "[31.104] [API]: Error 404 INVALID_CONSTRUCTOR 2 2 messages.getWebPage [object Object]", source: https://web.eitaa.com/mtproto.worker.00d50991fa24014f3a2b.bundle.worker.js (3)
[12756:15208:0914/104205.012:INFO:CONSOLE:0] "Uncaught (in promise) #<Object>", source: https://web.eitaa.com/#26136928 (0)
[12756:15208:0914/104205.012:INFO:CONSOLE:0] "Uncaught (in promise) #<Object>", source: https://web.eitaa.com/#26136928 (0)
[12756:15208:0914/104205.012:INFO:CONSOLE:3] "[31.104] [API]: Error 404 INVALID_CONSTRUCTOR 2 2 messages.getWebPage [object Object]", source: https://web.eitaa.com/mtproto.worker.00d50991fa24014f3a2b.bundle.worker.js (3)
[12756:15208:0914/104205.013:INFO:CONSOLE:3] "[31.105] [API]: Error 404 INVALID_CONSTRUCTOR 2 2 messages.getWebPage [object Object]", source: https://web.eitaa.com/mtproto.worker.00d50991fa24014f3a2b.bundle.worker.js (3)
[12756:15208:0914/104205.013:INFO:CONSOLE:0] "Uncaught (in promise) #<Object>", source: https://web.eitaa.com/#26136928 (0)
[12756:15208:0914/104205.013:INFO:CONSOLE:3] "[31.105] [API]: Error 404 INVALID_CONSTRUCTOR 2 2 messages.getWebPage [object Object]", source: https://web.eitaa.com/mtproto.worker.00d50991fa24014f3a2b.bundle.worker.js (3)
[12756:15208:0914/104205.013:INFO:CONSOLE:3] "[31.105] [API]: Error 404 INVALID_CONSTRUCTOR 2 2 messages.getWebPage [object Object]", source: https://web.eitaa.com/mtproto.worker.00d50991fa24014f3a2b.bundle.worker.js (3)
[12756:15208:0914/104205.013:INFO:CONSOLE:0] "Uncaught (in promise) #<Object>", source: https://web.eitaa.com/#26136928 (0)
[12756:15208:0914/104205.013:INFO:CONSOLE:0] "Uncaught (in promise) #<Object>", source: https://web.eitaa.com/#26136928 (0)
[12756:15208:0914/104205.013:INFO:CONSOLE:0] "Uncaught (in promise) #<Object>", source: https://web.eitaa.com/#26136928 (0)
[12756:15208:0914/104205.043:INFO:CONSOLE:3] "[31.135] [API]: Error 404 INVALID_CONSTRUCTOR 2 2 messages.getWebPage [object Object]", source: https://web.eitaa.com/mtproto.worker.00d50991fa24014f3a2b.bundle.worker.js (3)
[12756:15208:0914/104205.043:INFO:CONSOLE:0] "Uncaught (in promise) #<Object>", source: https://web.eitaa.com/#26136928 (0)
[12756:15208:0914/104205.044:INFO:CONSOLE:3] "[31.136] [API]: Error 404 INVALID_CONSTRUCTOR 2 2 messages.getWebPage [object Object]", source: https://web.eitaa.com/mtproto.worker.00d50991fa24014f3a2b.bundle.worker.js (3)
[12756:15208:0914/104205.044:INFO:CONSOLE:3] "[31.136] [API]: Error 404 INVALID_CONSTRUCTOR 2 2 messages.getWebPage [object Object]", source: https://web.eitaa.com/mtproto.worker.00d50991fa24014f3a2b.bundle.worker.js (3)
[12756:15208:0914/104205.044:INFO:CONSOLE:0] "Uncaught (in promise) #<Object>", source: https://web.eitaa.com/#26136928 (0)
[12756:15208:0914/104205.044:INFO:CONSOLE:3] "[31.136] [API]: Error 404 INVALID_CONSTRUCTOR 2 2 messages.getWebPage [object Object]", source: https://web.eitaa.com/mtproto.worker.00d50991fa24014f3a2b.bundle.worker.js (3)
[12756:15208:0914/104205.044:INFO:CONSOLE:0] "Uncaught (in promise) #<Object>", source: https://web.eitaa.com/#26136928 (0)
[12756:15208:0914/104205.045:INFO:CONSOLE:3] "[31.136] [API]: Error 404 INVALID_CONSTRUCTOR 2 2 messages.getWebPage [object Object]", source: https://web.eitaa.com/mtproto.worker.00d50991fa24014f3a2b.bundle.worker.js (3)
[12756:15208:0914/104205.045:INFO:CONSOLE:0] "Uncaught (in promise) #<Object>", source: https://web.eitaa.com/#26136928 (0)
[12756:15208:0914/104205.045:INFO:CONSOLE:0] "Uncaught (in promise) #<Object>", source: https://web.eitaa.com/#26136928 (0)
[12756:15208:0914/104205.269:INFO:CONSOLE:3] "[31.325] [API]: Error 404 messages.getScheduledHistory 2 2 messages.getScheduledHistory [object Object]", source: https://web.eitaa.com/mtproto.worker.00d50991fa24014f3a2b.bundle.worker.js (3)
[12756:15208:0914/104205.277:INFO:CONSOLE:0] "Uncaught (in promise) #<Object>", source: https://web.eitaa.com/#-86735175 (0)
[12756:15208:0914/104208.707:INFO:CONSOLE:3] "[34.770] [API]: Error 404 messages.getScheduledHistory 2 2 messages.getScheduledHistory [object Object]", source: https://web.eitaa.com/mtproto.worker.00d50991fa24014f3a2b.bundle.worker.js (3)
[12756:15208:0914/104208.713:INFO:CONSOLE:0] "Uncaught (in promise) #<Object>", source: https://web.eitaa.com/#@mjazad (0)
[12756:15208:0914/104209.936:INFO:CONSOLE:3] "[36.002] [API]: Error 404 messages.getScheduledHistory 2 2 messages.getScheduledHistory [object Object]", source: https://web.eitaa.com/mtproto.worker.00d50991fa24014f3a2b.bundle.worker.js (3)
[12756:15208:0914/104209.942:INFO:CONSOLE:0] "Uncaught (in promise) #<Object>", source: https://web.eitaa.com/#16916812 (0)
[12756:15208:0914/104211.219:INFO:CONSOLE:3] "[37.269] [API]: Error 404 messages.getScheduledHistory 2 2 messages.getScheduledHistory [object Object]", source: https://web.eitaa.com/mtproto.worker.00d50991fa24014f3a2b.bundle.worker.js (3)
[12756:15208:0914/104211.231:INFO:CONSOLE:0] "Uncaught (in promise) #<Object>", source: https://web.eitaa.com/#44344361 (0)
[12756:15208:0914/104212.549:INFO:CONSOLE:3] "[38.609] [API]: Error 404 messages.getScheduledHistory 2 2 messages.getScheduledHistory [object Object]", source: https://web.eitaa.com/mtproto.worker.00d50991fa24014f3a2b.bundle.worker.js (3)
[12756:15208:0914/104212.559:INFO:CONSOLE:0] "Uncaught (in promise) #<Object>", source: https://web.eitaa.com/#@hamedr00 (0)
[12756:15208:0914/104213.884:INFO:CONSOLE:3] "[39.928] [API]: Error 404 messages.getScheduledHistory 2 2 messages.getScheduledHistory [object Object]", source: https://web.eitaa.com/mtproto.worker.00d50991fa24014f3a2b.bundle.worker.js (3)
[12756:15208:0914/104213.896:INFO:CONSOLE:0] "Uncaught (in promise) #<Object>", source: https://web.eitaa.com/#14122989 (0)
[12756:15208:0914/104215.176:INFO:CONSOLE:3] "[41.235] [API]: Error 404 messages.getScheduledHistory 2 2 messages.getScheduledHistory [object Object]", source: https://web.eitaa.com/mtproto.worker.00d50991fa24014f3a2b.bundle.worker.js (3)
[12756:15208:0914/104215.187:INFO:CONSOLE:0] "Uncaught (in promise) #<Object>", source: https://web.eitaa.com/#49210215 (0)
[12756:15208:0914/104216.482:INFO:CONSOLE:3] "[42.538] [API]: Error 404 messages.getScheduledHistory 2 2 messages.getScheduledHistory [object Object]", source: https://web.eitaa.com/mtproto.worker.00d50991fa24014f3a2b.bundle.worker.js (3)
[12756:15208:0914/104216.488:INFO:CONSOLE:0] "Uncaught (in promise) #<Object>", source: https://web.eitaa.com/#63823925 (0)
[12756:15208:0914/104217.779:INFO:CONSOLE:3] "[43.832] [API]: Error 404 messages.getScheduledHistory 2 2 messages.getScheduledHistory [object Object]", source: https://web.eitaa.com/mtproto.worker.00d50991fa24014f3a2b.bundle.worker.js (3)
[12756:15208:0914/104217.780:INFO:CONSOLE:0] "Uncaught (in promise) #<Object>", source: https://web.eitaa.com/#22020739 (0)
[12756:15208:0914/104219.143:INFO:CONSOLE:3] "[45.203] [API]: Error 404 messages.getScheduledHistory 2 2 messages.getScheduledHistory [object Object]", source: https://web.eitaa.com/mtproto.worker.00d50991fa24014f3a2b.bundle.worker.js (3)
[12756:15208:0914/104219.157:INFO:CONSOLE:0] "Uncaught (in promise) #<Object>", source: https://web.eitaa.com/#38072443 (0)
[12756:15208:0914/104220.515:INFO:CONSOLE:3] "[46.567] [API]: Error 404 messages.getScheduledHistory 2 2 messages.getScheduledHistory [object Object]", source: https://web.eitaa.com/mtproto.worker.00d50991fa24014f3a2b.bundle.worker.js (3)
[12756:15208:0914/104220.522:INFO:CONSOLE:0] "Uncaught (in promise) #<Object>", source: https://web.eitaa.com/#4450658 (0)
[12756:15208:0914/104221.839:INFO:CONSOLE:3] "[47.883] [API]: Error 404 messages.getScheduledHistory 2 2 messages.getScheduledHistory [object Object]", source: https://web.eitaa.com/mtproto.worker.00d50991fa24014f3a2b.bundle.worker.js (3)
[12756:15208:0914/104221.850:INFO:CONSOLE:0] "Uncaught (in promise) #<Object>", source: https://web.eitaa.com/#56454396 (0)
[12756:15208:0914/104223.330:INFO:CONSOLE:3] "[49.383] [API]: Error 404 messages.getScheduledHistory 2 2 messages.getScheduledHistory [object Object]", source: https://web.eitaa.com/mtproto.worker.00d50991fa24014f3a2b.bundle.worker.js (3)
[12756:15208:0914/104223.339:INFO:CONSOLE:0] "Uncaught (in promise) #<Object>", source: https://web.eitaa.com/#17250795 (0)
[12756:15208:0914/104224.582:INFO:CONSOLE:3] "[50.638] [API]: Error 404 messages.getScheduledHistory 2 2 messages.getScheduledHistory [object Object]", source: https://web.eitaa.com/mtproto.worker.00d50991fa24014f3a2b.bundle.worker.js (3)
[12756:15208:0914/104224.589:INFO:CONSOLE:0] "Uncaught (in promise) #<Object>", source: https://web.eitaa.com/#17480601 (0)
[12756:15208:0914/104225.851:INFO:CONSOLE:3] "[51.906] [API]: Error 404 messages.getScheduledHistory 2 2 messages.getScheduledHistory [object Object]", source: https://web.eitaa.com/mtproto.worker.00d50991fa24014f3a2b.bundle.worker.js (3)
[12756:15208:0914/104225.868:INFO:CONSOLE:0] "Uncaught (in promise) #<Object>", source: https://web.eitaa.com/#7041696 (0)
[12756:15208:0914/104227.136:INFO:CONSOLE:3] "[53.199] [API]: Error 404 messages.getScheduledHistory 2 2 messages.getScheduledHistory [object Object]", source: https://web.eitaa.com/mtproto.worker.00d50991fa24014f3a2b.bundle.worker.js (3)
[12756:15208:0914/104227.148:INFO:CONSOLE:0] "Uncaught (in promise) #<Object>", source: https://web.eitaa.com/#42386831 (0)
[12756:15208:0914/104228.397:INFO:CONSOLE:3] "[54.443] [API]: Error 404 messages.getScheduledHistory 2 2 messages.getScheduledHistory [object Object]", source: https://web.eitaa.com/mtproto.worker.00d50991fa24014f3a2b.bundle.worker.js (3)
[12756:15208:0914/104228.412:INFO:CONSOLE:0] "Uncaught (in promise) #<Object>", source: https://web.eitaa.com/#17652046 (0)
[12756:15208:0914/104229.706:INFO:CONSOLE:3] "[55.734] [API]: Error 404 messages.getScheduledHistory 2 2 messages.getScheduledHistory [object Object]", source: https://web.eitaa.com/mtproto.worker.00d50991fa24014f3a2b.bundle.worker.js (3)
[12756:15208:0914/104229.713:INFO:CONSOLE:0] "Uncaught (in promise) #<Object>", source: https://web.eitaa.com/#6050591 (0)
[12756:15208:0914/104231.051:INFO:CONSOLE:3] "[57.098] [API]: Error 404 messages.getScheduledHistory 2 2 messages.getScheduledHistory [object Object]", source: https://web.eitaa.com/mtproto.worker.00d50991fa24014f3a2b.bundle.worker.js (3)
[12756:15208:0914/104231.068:INFO:CONSOLE:0] "Uncaught (in promise) #<Object>", source: https://web.eitaa.com/#56359372 (0)
[12756:15208:0914/104232.331:INFO:CONSOLE:0] "Error with Permissions-Policy header: Unrecognized feature: 'ambient-light-sensor'.", source:  (0)
[12756:15208:0914/104232.331:INFO:CONSOLE:0] "Error with Permissions-Policy header: Unrecognized feature: 'battery'.", source:  (0)
[12756:15208:0914/104232.331:INFO:CONSOLE:0] "Error with Permissions-Policy header: Unrecognized feature: 'document-domain'.", source:  (0)
[12756:15208:0914/104232.331:INFO:CONSOLE:0] "Error with Permissions-Policy header: Unrecognized feature: 'execution-while-not-rendered'.", source:  (0)
[12756:15208:0914/104232.331:INFO:CONSOLE:0] "Error with Permissions-Policy header: Unrecognized feature: 'execution-while-out-of-viewport'.", source:  (0)
[12756:15208:0914/104232.331:INFO:CONSOLE:0] "Error with Permissions-Policy header: Unrecognized feature: 'navigation-override'.", source:  (0)
[12756:15208:0914/104232.332:INFO:CONSOLE:0] "Unrecognized Content-Security-Policy directive 'self'.", source: https://web.eitaa.com/ (0)
[14800:11432:0914/104232.376:WARNING:net\spdy\spdy_session.cc:3074] Received HEADERS for invalid stream 431
[12756:15208:0914/104232.389:INFO:CONSOLE:1] "CW constructor", source: https://web.eitaa.com/main.b92779efcdc6d66cdcad.bundle.js (1)
[12756:15208:0914/104232.460:INFO:CONSOLE:0] "Unrecognized Content-Security-Policy directive 'self'.", source: https://web.eitaa.com/ (0)
[12756:15208:0914/104232.460:INFO:CONSOLE:0] "Unrecognized Content-Security-Policy directive 'self'.", source: https://web.eitaa.com/ (0)
[12756:15208:0914/104232.474:INFO:CONSOLE:1] "load state: 59.848876953125 ms", source: https://web.eitaa.com/24.a4f5da0affa960577e80.chunk.js (1)
[12756:15208:0914/104232.475:INFO:CONSOLE:1] "got state, time: 47.5", source: https://web.eitaa.com/main.b92779efcdc6d66cdcad.bundle.js (1)
[12756:15208:0914/104232.475:INFO:CONSOLE:1] "Will mount IM page: 1757833952.475", source: https://web.eitaa.com/main.b92779efcdc6d66cdcad.bundle.js (1)
[12756:15208:0914/104232.576:INFO:CONSOLE:3] "CW constructor", source: https://web.eitaa.com/mtproto.worker.00d50991fa24014f3a2b.bundle.worker.js (3)
[12756:15208:0914/104232.606:INFO:CONSOLE:1] "Uncaught (in promise) TypeError: e is not iterable", source: https://web.eitaa.com/12.c1c5f93d3cd451921e6d.chunk.js (1)
[12756:15208:0914/104232.666:INFO:CONSOLE:0] "The provided application server key is not a VAPID key. Only VAPID keys will be supported in the future. For more information check https://crbug.com/979235.", source: https://web.eitaa.com/ (0)
[12756:15208:0914/104232.704:INFO:CONSOLE:3] "[0.200] [API]: Error 404 messages.getAllDrafts 2 2 messages.getAllDrafts [object Object]", source: https://web.eitaa.com/mtproto.worker.00d50991fa24014f3a2b.bundle.worker.js (3)
[12756:15208:0914/104232.704:INFO:CONSOLE:3] "[0.200] [API]: Error 404 messages.getStickerSet 2 2 messages.getStickerSet [object Object]", source: https://web.eitaa.com/mtproto.worker.00d50991fa24014f3a2b.bundle.worker.js (3)
[12756:15208:0914/104232.705:INFO:CONSOLE:0] "Uncaught (in promise) #<Object>", source: https://web.eitaa.com/ (0)
[12756:15208:0914/104232.768:INFO:CONSOLE:0] "Unrecognized Content-Security-Policy directive 'self'.", source: https://web.eitaa.com/ (0)
[12756:15208:0914/104232.769:INFO:CONSOLE:0] "Unrecognized Content-Security-Policy directive 'self'.", source: https://web.eitaa.com/ (0)
[12756:15208:0914/104232.769:INFO:CONSOLE:0] "Unrecognized Content-Security-Policy directive 'self'.", source: https://web.eitaa.com/ (0)
[12756:15208:0914/104232.770:INFO:CONSOLE:0] "Unrecognized Content-Security-Policy directive 'self'.", source: https://web.eitaa.com/ (0)
[12756:15208:0914/104232.772:INFO:CONSOLE:0] "Unrecognized Content-Security-Policy directive 'self'.", source: https://web.eitaa.com/ (0)
[12756:15208:0914/104232.774:INFO:CONSOLE:0] "Unrecognized Content-Security-Policy directive 'self'.", source: https://web.eitaa.com/ (0)
[12756:15208:0914/104232.774:INFO:CONSOLE:0] "Unrecognized Content-Security-Policy directive 'self'.", source: https://web.eitaa.com/ (0)
[12756:15208:0914/104232.777:INFO:CONSOLE:0] "Unrecognized Content-Security-Policy directive 'self'.", source: https://web.eitaa.com/ (0)
[12756:13556:0914/104232.793:ERROR:google_apis\gcm\engine\registration_request.cc:305] Registration HTTP response code not OK: 404
[12756:15208:0914/104237.522:INFO:CONSOLE:3] "[5.018] [API]: Error 404 messages.getStickers 2 2 messages.getStickers [object Object]", source: https://web.eitaa.com/mtproto.worker.00d50991fa24014f3a2b.bundle.worker.js (3)
[12756:15208:0914/104237.522:INFO:CONSOLE:0] "Uncaught (in promise) #<Object>", source: https://web.eitaa.com/ (0)
[12756:15208:0914/104241.716:INFO:CONSOLE:3] "[9.179] [API]: Error 404 messages.getScheduledHistory 2 2 messages.getScheduledHistory [object Object]", source: https://web.eitaa.com/mtproto.worker.00d50991fa24014f3a2b.bundle.worker.js (3)
[12756:15208:0914/104241.734:INFO:CONSOLE:0] "Uncaught (in promise) #<Object>", source: https://web.eitaa.com/#26136928 (0)
[12756:13556:0914/104244.364:ERROR:google_apis\gcm\engine\registration_request.cc:305] Registration HTTP response code not OK: 404
[12756:13556:0914/104244.364:ERROR:google_apis\gcm\engine\registration_request.cc:291] Registration response error message: DEPRECATED_ENDPOINT
[12756:15208:0914/104252.165:INFO:CONSOLE:3] "[19.661] [API]: Error 404 INVALID_CONSTRUCTOR 2 2 messages.getWebPage [object Object]", source: https://web.eitaa.com/mtproto.worker.00d50991fa24014f3a2b.bundle.worker.js (3)
[12756:15208:0914/104252.166:INFO:CONSOLE:0] "Uncaught (in promise) #<Object>", source: https://web.eitaa.com/#26136928 (0)
[12756:15208:0914/104252.167:INFO:CONSOLE:3] "[19.663] [API]: Error 404 INVALID_CONSTRUCTOR 2 2 messages.getWebPage [object Object]", source: https://web.eitaa.com/mtproto.worker.00d50991fa24014f3a2b.bundle.worker.js (3)
[12756:15208:0914/104252.167:INFO:CONSOLE:0] "Uncaught (in promise) #<Object>", source: https://web.eitaa.com/#26136928 (0)
[12756:15208:0914/104252.167:INFO:CONSOLE:3] "[19.663] [API]: Error 404 INVALID_CONSTRUCTOR 2 2 messages.getWebPage [object Object]", source: https://web.eitaa.com/mtproto.worker.00d50991fa24014f3a2b.bundle.worker.js (3)
[12756:15208:0914/104252.168:INFO:CONSOLE:3] "[19.663] [API]: Error 404 INVALID_CONSTRUCTOR 2 2 messages.getWebPage [object Object]", source: https://web.eitaa.com/mtproto.worker.00d50991fa24014f3a2b.bundle.worker.js (3)
[12756:15208:0914/104252.168:INFO:CONSOLE:0] "Uncaught (in promise) #<Object>", source: https://web.eitaa.com/#26136928 (0)
[12756:15208:0914/104252.168:INFO:CONSOLE:0] "Uncaught (in promise) #<Object>", source: https://web.eitaa.com/#26136928 (0)
[12756:15208:0914/104252.170:INFO:CONSOLE:3] "[19.664] [API]: Error 404 INVALID_CONSTRUCTOR 2 2 messages.getWebPage [object Object]", source: https://web.eitaa.com/mtproto.worker.00d50991fa24014f3a2b.bundle.worker.js (3)
[12756:15208:0914/104252.170:INFO:CONSOLE:3] "[19.665] [API]: Error 404 INVALID_CONSTRUCTOR 2 2 messages.getWebPage [object Object]", source: https://web.eitaa.com/mtproto.worker.00d50991fa24014f3a2b.bundle.worker.js (3)
[12756:15208:0914/104252.173:INFO:CONSOLE:3] "[19.665] [API]: Error 404 INVALID_CONSTRUCTOR 2 2 messages.getWebPage [object Object]", source: https://web.eitaa.com/mtproto.worker.00d50991fa24014f3a2b.bundle.worker.js (3)
[12756:15208:0914/104252.173:INFO:CONSOLE:3] "[19.665] [API]: Error 404 INVALID_CONSTRUCTOR 2 2 messages.getWebPage [object Object]", source: https://web.eitaa.com/mtproto.worker.00d50991fa24014f3a2b.bundle.worker.js (3)
[12756:15208:0914/104252.173:INFO:CONSOLE:0] "Uncaught (in promise) #<Object>", source: https://web.eitaa.com/#26136928 (0)
[12756:15208:0914/104252.173:INFO:CONSOLE:3] "[19.666] [API]: Error 404 INVALID_CONSTRUCTOR 2 2 messages.getWebPage [object Object]", source: https://web.eitaa.com/mtproto.worker.00d50991fa24014f3a2b.bundle.worker.js (3)
[12756:15208:0914/104252.173:INFO:CONSOLE:0] "Uncaught (in promise) #<Object>", source: https://web.eitaa.com/#26136928 (0)
[12756:15208:0914/104252.173:INFO:CONSOLE:3] "[19.666] [API]: Error 404 INVALID_CONSTRUCTOR 2 2 messages.getWebPage [object Object]", source: https://web.eitaa.com/mtproto.worker.00d50991fa24014f3a2b.bundle.worker.js (3)
[12756:15208:0914/104252.173:INFO:CONSOLE:0] "Uncaught (in promise) #<Object>", source: https://web.eitaa.com/#26136928 (0)
[12756:15208:0914/104252.174:INFO:CONSOLE:0] "Uncaught (in promise) #<Object>", source: https://web.eitaa.com/#26136928 (0)
[12756:15208:0914/104252.174:INFO:CONSOLE:0] "Uncaught (in promise) #<Object>", source: https://web.eitaa.com/#26136928 (0)
[12756:15208:0914/104252.174:INFO:CONSOLE:0] "Uncaught (in promise) #<Object>", source: https://web.eitaa.com/#26136928 (0)
[12756:15208:0914/104252.227:INFO:CONSOLE:3] "[19.723] [API]: Error 404 INVALID_CONSTRUCTOR 2 2 messages.getWebPage [object Object]", source: https://web.eitaa.com/mtproto.worker.00d50991fa24014f3a2b.bundle.worker.js (3)
[12756:15208:0914/104252.227:INFO:CONSOLE:0] "Uncaught (in promise) #<Object>", source: https://web.eitaa.com/#26136928 (0)
[12756:15208:0914/104252.232:INFO:CONSOLE:3] "[19.728] [API]: Error 404 INVALID_CONSTRUCTOR 2 2 messages.getWebPage [object Object]", source: https://web.eitaa.com/mtproto.worker.00d50991fa24014f3a2b.bundle.worker.js (3)
[12756:15208:0914/104252.232:INFO:CONSOLE:0] "Uncaught (in promise) #<Object>", source: https://web.eitaa.com/#26136928 (0)
[12756:15208:0914/104252.233:INFO:CONSOLE:3] "[19.729] [API]: Error 404 INVALID_CONSTRUCTOR 2 2 messages.getWebPage [object Object]", source: https://web.eitaa.com/mtproto.worker.00d50991fa24014f3a2b.bundle.worker.js (3)
[12756:15208:0914/104252.233:INFO:CONSOLE:0] "Uncaught (in promise) #<Object>", source: https://web.eitaa.com/#26136928 (0)
[12756:15208:0914/104252.233:INFO:CONSOLE:3] "[19.730] [API]: Error 404 INVALID_CONSTRUCTOR 2 2 messages.getWebPage [object Object]", source: https://web.eitaa.com/mtproto.worker.00d50991fa24014f3a2b.bundle.worker.js (3)
[12756:15208:0914/104252.233:INFO:CONSOLE:0] "Uncaught (in promise) #<Object>", source: https://web.eitaa.com/#26136928 (0)
[12756:15208:0914/104252.238:INFO:CONSOLE:3] "[19.733] [API]: Error 404 INVALID_CONSTRUCTOR 2 2 messages.getWebPage [object Object]", source: https://web.eitaa.com/mtproto.worker.00d50991fa24014f3a2b.bundle.worker.js (3)
[12756:15208:0914/104252.238:INFO:CONSOLE:3] "[19.733] [API]: Error 404 INVALID_CONSTRUCTOR 2 2 messages.getWebPage [object Object]", source: https://web.eitaa.com/mtproto.worker.00d50991fa24014f3a2b.bundle.worker.js (3)
[12756:15208:0914/104252.238:INFO:CONSOLE:3] "[19.734] [API]: Error 404 INVALID_CONSTRUCTOR 2 2 messages.getWebPage [object Object]", source: https://web.eitaa.com/mtproto.worker.00d50991fa24014f3a2b.bundle.worker.js (3)
[12756:15208:0914/104252.238:INFO:CONSOLE:3] "[19.734] [API]: Error 404 INVALID_CONSTRUCTOR 2 2 messages.getWebPage [object Object]", source: https://web.eitaa.com/mtproto.worker.00d50991fa24014f3a2b.bundle.worker.js (3)
[12756:15208:0914/104252.239:INFO:CONSOLE:3] "[19.734] [API]: Error 404 INVALID_CONSTRUCTOR 2 2 messages.getWebPage [object Object]", source: https://web.eitaa.com/mtproto.worker.00d50991fa24014f3a2b.bundle.worker.js (3)
[12756:15208:0914/104252.239:INFO:CONSOLE:3] "[19.734] [API]: Error 404 INVALID_CONSTRUCTOR 2 2 messages.getWebPage [object Object]", source: https://web.eitaa.com/mtproto.worker.00d50991fa24014f3a2b.bundle.worker.js (3)
[12756:15208:0914/104252.239:INFO:CONSOLE:3] "[19.734] [API]: Error 404 INVALID_CONSTRUCTOR 2 2 messages.getWebPage [object Object]", source: https://web.eitaa.com/mtproto.worker.00d50991fa24014f3a2b.bundle.worker.js (3)
[12756:15208:0914/104252.239:INFO:CONSOLE:3] "[19.735] [API]: Error 404 INVALID_CONSTRUCTOR 2 2 messages.getWebPage [object Object]", source: https://web.eitaa.com/mtproto.worker.00d50991fa24014f3a2b.bundle.worker.js (3)
[12756:15208:0914/104252.239:INFO:CONSOLE:0] "Uncaught (in promise) #<Object>", source: https://web.eitaa.com/#26136928 (0)
[12756:15208:0914/104252.240:INFO:CONSOLE:3] "[19.735] [API]: Error 404 INVALID_CONSTRUCTOR 2 2 messages.getWebPage [object Object]", source: https://web.eitaa.com/mtproto.worker.00d50991fa24014f3a2b.bundle.worker.js (3)
[12756:15208:0914/104252.240:INFO:CONSOLE:0] "Uncaught (in promise) #<Object>", source: https://web.eitaa.com/#26136928 (0)
[12756:15208:0914/104252.241:INFO:CONSOLE:3] "[19.735] [API]: Error 404 INVALID_CONSTRUCTOR 2 2 messages.getWebPage [object Object]", source: https://web.eitaa.com/mtproto.worker.00d50991fa24014f3a2b.bundle.worker.js (3)
[12756:15208:0914/104252.241:INFO:CONSOLE:0] "Uncaught (in promise) #<Object>", source: https://web.eitaa.com/#26136928 (0)
[12756:15208:0914/104252.241:INFO:CONSOLE:3] "[19.735] [API]: Error 404 INVALID_CONSTRUCTOR 2 2 messages.getWebPage [object Object]", source: https://web.eitaa.com/mtproto.worker.00d50991fa24014f3a2b.bundle.worker.js (3)
[12756:15208:0914/104252.241:INFO:CONSOLE:0] "Uncaught (in promise) #<Object>", source: https://web.eitaa.com/#26136928 (0)
[12756:15208:0914/104252.242:INFO:CONSOLE:0] "Uncaught (in promise) #<Object>", source: https://web.eitaa.com/#26136928 (0)
[12756:15208:0914/104252.243:INFO:CONSOLE:3] "[19.735] [API]: Error 404 INVALID_CONSTRUCTOR 2 2 messages.getWebPage [object Object]", source: https://web.eitaa.com/mtproto.worker.00d50991fa24014f3a2b.bundle.worker.js (3)
[12756:15208:0914/104252.243:INFO:CONSOLE:0] "Uncaught (in promise) #<Object>", source: https://web.eitaa.com/#26136928 (0)
[12756:15208:0914/104252.243:INFO:CONSOLE:0] "Uncaught (in promise) #<Object>", source: https://web.eitaa.com/#26136928 (0)
[12756:15208:0914/104252.244:INFO:CONSOLE:3] "[19.736] [API]: Error 404 INVALID_CONSTRUCTOR 2 2 messages.getWebPage [object Object]", source: https://web.eitaa.com/mtproto.worker.00d50991fa24014f3a2b.bundle.worker.js (3)
[12756:15208:0914/104252.244:INFO:CONSOLE:0] "Uncaught (in promise) #<Object>", source: https://web.eitaa.com/#26136928 (0)
[12756:15208:0914/104252.244:INFO:CONSOLE:3] "[19.736] [API]: Error 404 INVALID_CONSTRUCTOR 2 2 messages.getWebPage [object Object]", source: https://web.eitaa.com/mtproto.worker.00d50991fa24014f3a2b.bundle.worker.js (3)
[12756:15208:0914/104252.244:INFO:CONSOLE:0] "Uncaught (in promise) #<Object>", source: https://web.eitaa.com/#26136928 (0)
[12756:15208:0914/104252.244:INFO:CONSOLE:0] "Uncaught (in promise) #<Object>", source: https://web.eitaa.com/#26136928 (0)
[12756:15208:0914/104252.244:INFO:CONSOLE:0] "Uncaught (in promise) #<Object>", source: https://web.eitaa.com/#26136928 (0)
[12756:15208:0914/104252.244:INFO:CONSOLE:0] "Uncaught (in promise) #<Object>", source: https://web.eitaa.com/#26136928 (0)
[12756:15208:0914/104252.244:INFO:CONSOLE:0] "Uncaught (in promise) #<Object>", source: https://web.eitaa.com/#26136928 (0)
[12756:15208:0914/104252.244:INFO:CONSOLE:0] "Uncaught (in promise) #<Object>", source: https://web.eitaa.com/#26136928 (0)
[12756:15208:0914/104252.438:INFO:CONSOLE:3] "[19.904] [API]: Error 404 messages.getScheduledHistory 2 2 messages.getScheduledHistory [object Object]", source: https://web.eitaa.com/mtproto.worker.00d50991fa24014f3a2b.bundle.worker.js (3)
[12756:15208:0914/104252.451:INFO:CONSOLE:0] "Uncaught (in promise) #<Object>", source: https://web.eitaa.com/#-86966982 (0)
[12756:15208:0914/104253.270:INFO:CONSOLE:3] "[20.766] [API]: Error 404 INVALID_CONSTRUCTOR 2 2 messages.getWebPage [object Object]", source: https://web.eitaa.com/mtproto.worker.00d50991fa24014f3a2b.bundle.worker.js (3)
[12756:15208:0914/104253.270:INFO:CONSOLE:0] "Uncaught (in promise) #<Object>", source: https://web.eitaa.com/#-86966982 (0)
[12756:15208:0914/104253.270:INFO:CONSOLE:3] "[20.766] [API]: Error 404 INVALID_CONSTRUCTOR 2 2 messages.getWebPage [object Object]", source: https://web.eitaa.com/mtproto.worker.00d50991fa24014f3a2b.bundle.worker.js (3)
[12756:15208:0914/104253.270:INFO:CONSOLE:3] "[20.767] [API]: Error 404 INVALID_CONSTRUCTOR 2 2 messages.getWebPage [object Object]", source: https://web.eitaa.com/mtproto.worker.00d50991fa24014f3a2b.bundle.worker.js (3)
[12756:15208:0914/104253.270:INFO:CONSOLE:0] "Uncaught (in promise) #<Object>", source: https://web.eitaa.com/#-86966982 (0)
[12756:15208:0914/104253.271:INFO:CONSOLE:0] "Uncaught (in promise) #<Object>", source: https://web.eitaa.com/#-86966982 (0)
[12756:13556:0914/104258.273:ERROR:google_apis\gcm\engine\registration_request.cc:305] Registration HTTP response code not OK: 404
[12756:15208:0914/104308.016:INFO:CONSOLE:3] "[35.512] [API]: Error 404 RETRY_LIMIT404 2 1 upload.getFile [object Object]", source: https://web.eitaa.com/mtproto.worker.00d50991fa24014f3a2b.bundle.worker.js (3)
[12756:15208:0914/104308.016:INFO:CONSOLE:3] "[35.512] [AFM]: downloadCheck error: [object Object]", source: https://web.eitaa.com/mtproto.worker.00d50991fa24014f3a2b.bundle.worker.js (3)
[12756:15208:0914/104308.018:INFO:CONSOLE:0] "Uncaught (in promise) #<Object>", source: https://web.eitaa.com/#-86966982 (0)
[12756:15208:0914/104308.018:INFO:CONSOLE:0] "Uncaught (in promise) #<Object>", source: https://web.eitaa.com/#-86966982 (0)
[12756:15208:0914/104319.472:INFO:CONSOLE:0] "Error with Permissions-Policy header: Unrecognized feature: 'ambient-light-sensor'.", source:  (0)
[12756:15208:0914/104319.472:INFO:CONSOLE:0] "Error with Permissions-Policy header: Unrecognized feature: 'battery'.", source:  (0)
[12756:15208:0914/104319.472:INFO:CONSOLE:0] "Error with Permissions-Policy header: Unrecognized feature: 'document-domain'.", source:  (0)
[12756:15208:0914/104319.472:INFO:CONSOLE:0] "Error with Permissions-Policy header: Unrecognized feature: 'execution-while-not-rendered'.", source:  (0)
[12756:15208:0914/104319.472:INFO:CONSOLE:0] "Error with Permissions-Policy header: Unrecognized feature: 'execution-while-out-of-viewport'.", source:  (0)
[12756:15208:0914/104319.472:INFO:CONSOLE:0] "Error with Permissions-Policy header: Unrecognized feature: 'navigation-override'.", source:  (0)
[12756:15208:0914/104319.474:INFO:CONSOLE:0] "Unrecognized Content-Security-Policy directive 'self'.", source: https://web.eitaa.com/ (0)
[12756:15208:0914/104319.521:INFO:CONSOLE:1] "CW constructor", source: https://web.eitaa.com/main.b92779efcdc6d66cdcad.bundle.js (1)
[12756:15208:0914/104319.615:INFO:CONSOLE:0] "Unrecognized Content-Security-Policy directive 'self'.", source: https://web.eitaa.com/ (0)
[14800:11432:0914/104319.620:WARNING:net\spdy\spdy_session.cc:3029] Received WINDOW_UPDATE for invalid stream 573
[12756:15208:0914/104319.626:INFO:CONSOLE:1] "load state: 78.94384765625 ms", source: https://web.eitaa.com/24.a4f5da0affa960577e80.chunk.js (1)
[12756:15208:0914/104319.628:INFO:CONSOLE:1] "got state, time: 47.89999999990687", source: https://web.eitaa.com/main.b92779efcdc6d66cdcad.bundle.js (1)
[12756:15208:0914/104319.628:INFO:CONSOLE:1] "Will mount IM page: 1757833999.627", source: https://web.eitaa.com/main.b92779efcdc6d66cdcad.bundle.js (1)
[12756:15208:0914/104319.635:INFO:CONSOLE:0] "Unrecognized Content-Security-Policy directive 'self'.", source: https://web.eitaa.com/ (0)
[12756:15208:0914/104319.765:INFO:CONSOLE:3] "CW constructor", source: https://web.eitaa.com/mtproto.worker.00d50991fa24014f3a2b.bundle.worker.js (3)
[12756:15208:0914/104319.796:INFO:CONSOLE:1] "Uncaught (in promise) TypeError: e is not iterable", source: https://web.eitaa.com/12.c1c5f93d3cd451921e6d.chunk.js (1)
[12756:15208:0914/104319.871:INFO:CONSOLE:0] "The provided application server key is not a VAPID key. Only VAPID keys will be supported in the future. For more information check https://crbug.com/979235.", source: https://web.eitaa.com/ (0)
[12756:15208:0914/104319.933:INFO:CONSOLE:3] "[0.256] [API]: Error 404 messages.getAllDrafts 2 2 messages.getAllDrafts [object Object]", source: https://web.eitaa.com/mtproto.worker.00d50991fa24014f3a2b.bundle.worker.js (3)
[12756:15208:0914/104319.934:INFO:CONSOLE:3] "[0.256] [API]: Error 404 messages.getStickerSet 2 2 messages.getStickerSet [object Object]", source: https://web.eitaa.com/mtproto.worker.00d50991fa24014f3a2b.bundle.worker.js (3)
[12756:15208:0914/104319.935:INFO:CONSOLE:0] "Uncaught (in promise) #<Object>", source: https://web.eitaa.com/ (0)
[12756:15208:0914/104319.955:INFO:CONSOLE:0] "Unrecognized Content-Security-Policy directive 'self'.", source: https://web.eitaa.com/ (0)
[12756:15208:0914/104319.957:INFO:CONSOLE:0] "Unrecognized Content-Security-Policy directive 'self'.", source: https://web.eitaa.com/ (0)
[12756:15208:0914/104319.961:INFO:CONSOLE:0] "Unrecognized Content-Security-Policy directive 'self'.", source: https://web.eitaa.com/ (0)
[12756:15208:0914/104319.962:INFO:CONSOLE:0] "Unrecognized Content-Security-Policy directive 'self'.", source: https://web.eitaa.com/ (0)
[12756:15208:0914/104319.963:INFO:CONSOLE:0] "Unrecognized Content-Security-Policy directive 'self'.", source: https://web.eitaa.com/ (0)
[12756:15208:0914/104319.967:INFO:CONSOLE:0] "Unrecognized Content-Security-Policy directive 'self'.", source: https://web.eitaa.com/ (0)
[12756:15208:0914/104319.968:INFO:CONSOLE:0] "Unrecognized Content-Security-Policy directive 'self'.", source: https://web.eitaa.com/ (0)
[12756:15208:0914/104319.974:INFO:CONSOLE:0] "Unrecognized Content-Security-Policy directive 'self'.", source: https://web.eitaa.com/ (0)
[12756:13556:0914/104320.034:ERROR:google_apis\gcm\engine\registration_request.cc:305] Registration HTTP response code not OK: 404
[12756:15208:0914/104324.691:INFO:CONSOLE:3] "[5.018] [API]: Error 404 messages.getStickers 2 2 messages.getStickers [object Object]", source: https://web.eitaa.com/mtproto.worker.00d50991fa24014f3a2b.bundle.worker.js (3)
[12756:15208:0914/104324.692:INFO:CONSOLE:0] "Uncaught (in promise) #<Object>", source: https://web.eitaa.com/ (0)
